append.out

trace
  - CAR (interp) @ location: 12 (remaining gas: unaccounted)
    [ (Pair (Pair { 7 ; 8 ; 9 } { 4 ; 5 ; 6 }) { 1 ; 2 ; 3 }) ]
  - CAR (entry) @ location: 12 (remaining gas: unaccounted)
    [ (Pair (Pair { 7 ; 8 ; 9 } { 4 ; 5 ; 6 }) { 1 ; 2 ; 3 }) ]
    - [log] (exit) @ location: 12 (remaining gas: unaccounted)
      [ (Pair { 7 ; 8 ; 9 } { 4 ; 5 ; 6 }) ]
  - UNPAIR (entry) @ location: 13 (remaining gas: unaccounted)
    [ (Pair { 7 ; 8 ; 9 } { 4 ; 5 ; 6 }) ]
    - [log] (exit) @ location: 13 (remaining gas: unaccounted)
      [ { 7 ; 8 ; 9 }
        { 4 ; 5 ; 6 } ]
  - NIL (entry) @ location: 14 (remaining gas: unaccounted)
    [ { 7 ; 8 ; 9 }
      { 4 ; 5 ; 6 } ]
    - [log] (exit) @ location: 14 (remaining gas: unaccounted)
      [ {}
        { 7 ; 8 ; 9 }
        { 4 ; 5 ; 6 } ]
  - SWAP (entry) @ location: 16 (remaining gas: unaccounted)
    [ {}
      { 7 ; 8 ; 9 }
      { 4 ; 5 ; 6 } ]
    - [log] (exit) @ location: 16 (remaining gas: unaccounted)
      [ { 7 ; 8 ; 9 }
        {}
        { 4 ; 5 ; 6 } ]
  - ITER (entry) @ location: 17 (remaining gas: unaccounted)
    [ { 7 ; 8 ; 9 }
      {}
      { 4 ; 5 ; 6 } ]
    - control: KIter
    - [log] (exit) @ location: 17 (remaining gas: unaccounted)
      [ 7
        {}
        { 4 ; 5 ; 6 } ]
  - CONS (entry) @ location: 19 (remaining gas: unaccounted)
    [ 7
      {}
      { 4 ; 5 ; 6 } ]
    - [log] (exit) @ location: 19 (remaining gas: unaccounted)
      [ { 7 }
        { 4 ; 5 ; 6 } ]
  - [halt] (entry) @ location: 17 (remaining gas: unaccounted)
    [ { 7 }
      { 4 ; 5 ; 6 } ]
    - control: KIter
    - [log] (exit) @ location: 17 (remaining gas: unaccounted)
      [ 8
        { 7 }
        { 4 ; 5 ; 6 } ]
  - CONS (entry) @ location: 19 (remaining gas: unaccounted)
    [ 8
      { 7 }
      { 4 ; 5 ; 6 } ]
    - [log] (exit) @ location: 19 (remaining gas: unaccounted)
      [ { 8 ; 7 }
        { 4 ; 5 ; 6 } ]
  - [halt] (entry) @ location: 17 (remaining gas: unaccounted)
    [ { 8 ; 7 }
      { 4 ; 5 ; 6 } ]
    - control: KIter
    - [log] (exit) @ location: 17 (remaining gas: unaccounted)
      [ 9
        { 8 ; 7 }
        { 4 ; 5 ; 6 } ]
  - CONS (entry) @ location: 19 (remaining gas: unaccounted)
    [ 9
      { 8 ; 7 }
      { 4 ; 5 ; 6 } ]
    - [log] (exit) @ location: 19 (remaining gas: unaccounted)
      [ { 9 ; 8 ; 7 }
        { 4 ; 5 ; 6 } ]
  - [halt] (entry) @ location: 17 (remaining gas: unaccounted)
    [ { 9 ; 8 ; 7 }
      { 4 ; 5 ; 6 } ]
    - control: KIter
    - control: KCons
    - [log] (exit) @ location: 17 (remaining gas: unaccounted)
      [ { 9 ; 8 ; 7 }
        { 4 ; 5 ; 6 } ]
  - ITER (entry) @ location: 20 (remaining gas: unaccounted)
    [ { 9 ; 8 ; 7 }
      { 4 ; 5 ; 6 } ]
    - control: KIter
    - [log] (exit) @ location: 20 (remaining gas: unaccounted)
      [ 9
        { 4 ; 5 ; 6 } ]
  - CONS (entry) @ location: 22 (remaining gas: unaccounted)
    [ 9
      { 4 ; 5 ; 6 } ]
    - [log] (exit) @ location: 22 (remaining gas: unaccounted)
      [ { 9 ; 4 ; 5 ; 6 } ]
  - [halt] (entry) @ location: 20 (remaining gas: unaccounted)
    [ { 9 ; 4 ; 5 ; 6 } ]
    - control: KIter
    - [log] (exit) @ location: 20 (remaining gas: unaccounted)
      [ 8
        { 9 ; 4 ; 5 ; 6 } ]
  - CONS (entry) @ location: 22 (remaining gas: unaccounted)
    [ 8
      { 9 ; 4 ; 5 ; 6 } ]
    - [log] (exit) @ location: 22 (remaining gas: unaccounted)
      [ { 8 ; 9 ; 4 ; 5 ; 6 } ]
  - [halt] (entry) @ location: 20 (remaining gas: unaccounted)
    [ { 8 ; 9 ; 4 ; 5 ; 6 } ]
    - control: KIter
    - [log] (exit) @ location: 20 (remaining gas: unaccounted)
      [ 7
        { 8 ; 9 ; 4 ; 5 ; 6 } ]
  - CONS (entry) @ location: 22 (remaining gas: unaccounted)
    [ 7
      { 8 ; 9 ; 4 ; 5 ; 6 } ]
    - [log] (exit) @ location: 22 (remaining gas: unaccounted)
      [ { 7 ; 8 ; 9 ; 4 ; 5 ; 6 } ]
  - [halt] (entry) @ location: 20 (remaining gas: unaccounted)
    [ { 7 ; 8 ; 9 ; 4 ; 5 ; 6 } ]
    - control: KIter
    - control: KCons
    - [log] (exit) @ location: 20 (remaining gas: unaccounted)
      [ { 7 ; 8 ; 9 ; 4 ; 5 ; 6 } ]
  - NIL (entry) @ location: 23 (remaining gas: unaccounted)
    [ { 7 ; 8 ; 9 ; 4 ; 5 ; 6 } ]
    - [log] (exit) @ location: 23 (remaining gas: unaccounted)
      [ {}
        { 7 ; 8 ; 9 ; 4 ; 5 ; 6 } ]
  - PAIR (entry) @ location: 25 (remaining gas: unaccounted)
    [ {}
      { 7 ; 8 ; 9 ; 4 ; 5 ; 6 } ]
    - [log] (exit) @ location: 25 (remaining gas: unaccounted)
      [ (Pair {} { 7 ; 8 ; 9 ; 4 ; 5 ; 6 }) ]
  - [halt] (entry) @ location: 11 (remaining gas: unaccounted)
    [ (Pair {} { 7 ; 8 ; 9 ; 4 ; 5 ; 6 }) ]
    - control: KNil
