check_signature.out

trace
  - DUP (interp) @ location: 9 (remaining gas: unaccounted)
    [ (Pair "edpkuBknW28nW72KG6RoHtYW7p12T6GKc7nAbwYX5m8Wd9sDVC9yav"
            "edsigu6Ue4mQgPC5aCFqqjitU9pCs5VErXrfPTAZffyJepccGzDEEBExtuPjGuMc2ZRSTBUDR7tJMLVTeJzZn7p9jN9inh4ooV1"
            "TEZOS") ]
  - DUP (entry) @ location: 9 (remaining gas: unaccounted)
    [ (Pair "edpkuBknW28nW72KG6RoHtYW7p12T6GKc7nAbwYX5m8Wd9sDVC9yav"
            "edsigu6Ue4mQgPC5aCFqqjitU9pCs5VErXrfPTAZffyJepccGzDEEBExtuPjGuMc2ZRSTBUDR7tJMLVTeJzZn7p9jN9inh4ooV1"
            "TEZOS") ]
    - [log] (exit) @ location: 9 (remaining gas: unaccounted)
      [ (Pair "edpkuBknW28nW72KG6RoHtYW7p12T6GKc7nAbwYX5m8Wd9sDVC9yav"
              "edsigu6Ue4mQgPC5aCFqqjitU9pCs5VErXrfPTAZffyJepccGzDEEBExtuPjGuMc2ZRSTBUDR7tJMLVTeJzZn7p9jN9inh4ooV1"
              "TEZOS")
        (Pair "edpkuBknW28nW72KG6RoHtYW7p12T6GKc7nAbwYX5m8Wd9sDVC9yav"
              "edsigu6Ue4mQgPC5aCFqqjitU9pCs5VErXrfPTAZffyJepccGzDEEBExtuPjGuMc2ZRSTBUDR7tJMLVTeJzZn7p9jN9inh4ooV1"
              "TEZOS") ]
  - DUP (entry) @ location: 10 (remaining gas: unaccounted)
    [ (Pair "edpkuBknW28nW72KG6RoHtYW7p12T6GKc7nAbwYX5m8Wd9sDVC9yav"
            "edsigu6Ue4mQgPC5aCFqqjitU9pCs5VErXrfPTAZffyJepccGzDEEBExtuPjGuMc2ZRSTBUDR7tJMLVTeJzZn7p9jN9inh4ooV1"
            "TEZOS")
      (Pair "edpkuBknW28nW72KG6RoHtYW7p12T6GKc7nAbwYX5m8Wd9sDVC9yav"
            "edsigu6Ue4mQgPC5aCFqqjitU9pCs5VErXrfPTAZffyJepccGzDEEBExtuPjGuMc2ZRSTBUDR7tJMLVTeJzZn7p9jN9inh4ooV1"
            "TEZOS") ]
    - [log] (exit) @ location: 10 (remaining gas: unaccounted)
      [ (Pair "edpkuBknW28nW72KG6RoHtYW7p12T6GKc7nAbwYX5m8Wd9sDVC9yav"
              "edsigu6Ue4mQgPC5aCFqqjitU9pCs5VErXrfPTAZffyJepccGzDEEBExtuPjGuMc2ZRSTBUDR7tJMLVTeJzZn7p9jN9inh4ooV1"
              "TEZOS")
        (Pair "edpkuBknW28nW72KG6RoHtYW7p12T6GKc7nAbwYX5m8Wd9sDVC9yav"
              "edsigu6Ue4mQgPC5aCFqqjitU9pCs5VErXrfPTAZffyJepccGzDEEBExtuPjGuMc2ZRSTBUDR7tJMLVTeJzZn7p9jN9inh4ooV1"
              "TEZOS")
        (Pair "edpkuBknW28nW72KG6RoHtYW7p12T6GKc7nAbwYX5m8Wd9sDVC9yav"
              "edsigu6Ue4mQgPC5aCFqqjitU9pCs5VErXrfPTAZffyJepccGzDEEBExtuPjGuMc2ZRSTBUDR7tJMLVTeJzZn7p9jN9inh4ooV1"
              "TEZOS") ]
  - DIP (entry) @ location: 11 (remaining gas: unaccounted)
    [ (Pair "edpkuBknW28nW72KG6RoHtYW7p12T6GKc7nAbwYX5m8Wd9sDVC9yav"
            "edsigu6Ue4mQgPC5aCFqqjitU9pCs5VErXrfPTAZffyJepccGzDEEBExtuPjGuMc2ZRSTBUDR7tJMLVTeJzZn7p9jN9inh4ooV1"
            "TEZOS")
      (Pair "edpkuBknW28nW72KG6RoHtYW7p12T6GKc7nAbwYX5m8Wd9sDVC9yav"
            "edsigu6Ue4mQgPC5aCFqqjitU9pCs5VErXrfPTAZffyJepccGzDEEBExtuPjGuMc2ZRSTBUDR7tJMLVTeJzZn7p9jN9inh4ooV1"
            "TEZOS")
      (Pair "edpkuBknW28nW72KG6RoHtYW7p12T6GKc7nAbwYX5m8Wd9sDVC9yav"
            "edsigu6Ue4mQgPC5aCFqqjitU9pCs5VErXrfPTAZffyJepccGzDEEBExtuPjGuMc2ZRSTBUDR7tJMLVTeJzZn7p9jN9inh4ooV1"
            "TEZOS") ]
    - [log] (exit) @ location: 11 (remaining gas: unaccounted)
      [ (Pair "edpkuBknW28nW72KG6RoHtYW7p12T6GKc7nAbwYX5m8Wd9sDVC9yav"
              "edsigu6Ue4mQgPC5aCFqqjitU9pCs5VErXrfPTAZffyJepccGzDEEBExtuPjGuMc2ZRSTBUDR7tJMLVTeJzZn7p9jN9inh4ooV1"
              "TEZOS")
        (Pair "edpkuBknW28nW72KG6RoHtYW7p12T6GKc7nAbwYX5m8Wd9sDVC9yav"
              "edsigu6Ue4mQgPC5aCFqqjitU9pCs5VErXrfPTAZffyJepccGzDEEBExtuPjGuMc2ZRSTBUDR7tJMLVTeJzZn7p9jN9inh4ooV1"
              "TEZOS") ]
  - CDR (entry) @ location: 13 (remaining gas: unaccounted)
    [ (Pair "edpkuBknW28nW72KG6RoHtYW7p12T6GKc7nAbwYX5m8Wd9sDVC9yav"
            "edsigu6Ue4mQgPC5aCFqqjitU9pCs5VErXrfPTAZffyJepccGzDEEBExtuPjGuMc2ZRSTBUDR7tJMLVTeJzZn7p9jN9inh4ooV1"
            "TEZOS")
      (Pair "edpkuBknW28nW72KG6RoHtYW7p12T6GKc7nAbwYX5m8Wd9sDVC9yav"
            "edsigu6Ue4mQgPC5aCFqqjitU9pCs5VErXrfPTAZffyJepccGzDEEBExtuPjGuMc2ZRSTBUDR7tJMLVTeJzZn7p9jN9inh4ooV1"
            "TEZOS") ]
    - [log] (exit) @ location: 13 (remaining gas: unaccounted)
      [ (Pair "edsigu6Ue4mQgPC5aCFqqjitU9pCs5VErXrfPTAZffyJepccGzDEEBExtuPjGuMc2ZRSTBUDR7tJMLVTeJzZn7p9jN9inh4ooV1"
              "TEZOS")
        (Pair "edpkuBknW28nW72KG6RoHtYW7p12T6GKc7nAbwYX5m8Wd9sDVC9yav"
              "edsigu6Ue4mQgPC5aCFqqjitU9pCs5VErXrfPTAZffyJepccGzDEEBExtuPjGuMc2ZRSTBUDR7tJMLVTeJzZn7p9jN9inh4ooV1"
              "TEZOS") ]
  - DUP (entry) @ location: 14 (remaining gas: unaccounted)
    [ (Pair "edsigu6Ue4mQgPC5aCFqqjitU9pCs5VErXrfPTAZffyJepccGzDEEBExtuPjGuMc2ZRSTBUDR7tJMLVTeJzZn7p9jN9inh4ooV1"
            "TEZOS")
      (Pair "edpkuBknW28nW72KG6RoHtYW7p12T6GKc7nAbwYX5m8Wd9sDVC9yav"
            "edsigu6Ue4mQgPC5aCFqqjitU9pCs5VErXrfPTAZffyJepccGzDEEBExtuPjGuMc2ZRSTBUDR7tJMLVTeJzZn7p9jN9inh4ooV1"
            "TEZOS") ]
    - [log] (exit) @ location: 14 (remaining gas: unaccounted)
      [ (Pair "edsigu6Ue4mQgPC5aCFqqjitU9pCs5VErXrfPTAZffyJepccGzDEEBExtuPjGuMc2ZRSTBUDR7tJMLVTeJzZn7p9jN9inh4ooV1"
              "TEZOS")
        (Pair "edsigu6Ue4mQgPC5aCFqqjitU9pCs5VErXrfPTAZffyJepccGzDEEBExtuPjGuMc2ZRSTBUDR7tJMLVTeJzZn7p9jN9inh4ooV1"
              "TEZOS")
        (Pair "edpkuBknW28nW72KG6RoHtYW7p12T6GKc7nAbwYX5m8Wd9sDVC9yav"
              "edsigu6Ue4mQgPC5aCFqqjitU9pCs5VErXrfPTAZffyJepccGzDEEBExtuPjGuMc2ZRSTBUDR7tJMLVTeJzZn7p9jN9inh4ooV1"
              "TEZOS") ]
  - CAR (entry) @ location: 15 (remaining gas: unaccounted)
    [ (Pair "edsigu6Ue4mQgPC5aCFqqjitU9pCs5VErXrfPTAZffyJepccGzDEEBExtuPjGuMc2ZRSTBUDR7tJMLVTeJzZn7p9jN9inh4ooV1"
            "TEZOS")
      (Pair "edsigu6Ue4mQgPC5aCFqqjitU9pCs5VErXrfPTAZffyJepccGzDEEBExtuPjGuMc2ZRSTBUDR7tJMLVTeJzZn7p9jN9inh4ooV1"
            "TEZOS")
      (Pair "edpkuBknW28nW72KG6RoHtYW7p12T6GKc7nAbwYX5m8Wd9sDVC9yav"
            "edsigu6Ue4mQgPC5aCFqqjitU9pCs5VErXrfPTAZffyJepccGzDEEBExtuPjGuMc2ZRSTBUDR7tJMLVTeJzZn7p9jN9inh4ooV1"
            "TEZOS") ]
    - [log] (exit) @ location: 15 (remaining gas: unaccounted)
      [ "edsigu6Ue4mQgPC5aCFqqjitU9pCs5VErXrfPTAZffyJepccGzDEEBExtuPjGuMc2ZRSTBUDR7tJMLVTeJzZn7p9jN9inh4ooV1"
        (Pair "edsigu6Ue4mQgPC5aCFqqjitU9pCs5VErXrfPTAZffyJepccGzDEEBExtuPjGuMc2ZRSTBUDR7tJMLVTeJzZn7p9jN9inh4ooV1"
              "TEZOS")
        (Pair "edpkuBknW28nW72KG6RoHtYW7p12T6GKc7nAbwYX5m8Wd9sDVC9yav"
              "edsigu6Ue4mQgPC5aCFqqjitU9pCs5VErXrfPTAZffyJepccGzDEEBExtuPjGuMc2ZRSTBUDR7tJMLVTeJzZn7p9jN9inh4ooV1"
              "TEZOS") ]
  - DIP (entry) @ location: 16 (remaining gas: unaccounted)
    [ "edsigu6Ue4mQgPC5aCFqqjitU9pCs5VErXrfPTAZffyJepccGzDEEBExtuPjGuMc2ZRSTBUDR7tJMLVTeJzZn7p9jN9inh4ooV1"
      (Pair "edsigu6Ue4mQgPC5aCFqqjitU9pCs5VErXrfPTAZffyJepccGzDEEBExtuPjGuMc2ZRSTBUDR7tJMLVTeJzZn7p9jN9inh4ooV1"
            "TEZOS")
      (Pair "edpkuBknW28nW72KG6RoHtYW7p12T6GKc7nAbwYX5m8Wd9sDVC9yav"
            "edsigu6Ue4mQgPC5aCFqqjitU9pCs5VErXrfPTAZffyJepccGzDEEBExtuPjGuMc2ZRSTBUDR7tJMLVTeJzZn7p9jN9inh4ooV1"
            "TEZOS") ]
    - [log] (exit) @ location: 16 (remaining gas: unaccounted)
      [ (Pair "edsigu6Ue4mQgPC5aCFqqjitU9pCs5VErXrfPTAZffyJepccGzDEEBExtuPjGuMc2ZRSTBUDR7tJMLVTeJzZn7p9jN9inh4ooV1"
              "TEZOS")
        (Pair "edpkuBknW28nW72KG6RoHtYW7p12T6GKc7nAbwYX5m8Wd9sDVC9yav"
              "edsigu6Ue4mQgPC5aCFqqjitU9pCs5VErXrfPTAZffyJepccGzDEEBExtuPjGuMc2ZRSTBUDR7tJMLVTeJzZn7p9jN9inh4ooV1"
              "TEZOS") ]
  - CDR (entry) @ location: 18 (remaining gas: unaccounted)
    [ (Pair "edsigu6Ue4mQgPC5aCFqqjitU9pCs5VErXrfPTAZffyJepccGzDEEBExtuPjGuMc2ZRSTBUDR7tJMLVTeJzZn7p9jN9inh4ooV1"
            "TEZOS")
      (Pair "edpkuBknW28nW72KG6RoHtYW7p12T6GKc7nAbwYX5m8Wd9sDVC9yav"
            "edsigu6Ue4mQgPC5aCFqqjitU9pCs5VErXrfPTAZffyJepccGzDEEBExtuPjGuMc2ZRSTBUDR7tJMLVTeJzZn7p9jN9inh4ooV1"
            "TEZOS") ]
    - [log] (exit) @ location: 18 (remaining gas: unaccounted)
      [ "TEZOS"
        (Pair "edpkuBknW28nW72KG6RoHtYW7p12T6GKc7nAbwYX5m8Wd9sDVC9yav"
              "edsigu6Ue4mQgPC5aCFqqjitU9pCs5VErXrfPTAZffyJepccGzDEEBExtuPjGuMc2ZRSTBUDR7tJMLVTeJzZn7p9jN9inh4ooV1"
              "TEZOS") ]
  - PACK (entry) @ location: 19 (remaining gas: unaccounted)
    [ "TEZOS"
      (Pair "edpkuBknW28nW72KG6RoHtYW7p12T6GKc7nAbwYX5m8Wd9sDVC9yav"
            "edsigu6Ue4mQgPC5aCFqqjitU9pCs5VErXrfPTAZffyJepccGzDEEBExtuPjGuMc2ZRSTBUDR7tJMLVTeJzZn7p9jN9inh4ooV1"
            "TEZOS") ]
    - [log] (exit) @ location: 19 (remaining gas: unaccounted)
      [ 0x05010000000554455a4f53
        (Pair "edpkuBknW28nW72KG6RoHtYW7p12T6GKc7nAbwYX5m8Wd9sDVC9yav"
              "edsigu6Ue4mQgPC5aCFqqjitU9pCs5VErXrfPTAZffyJepccGzDEEBExtuPjGuMc2ZRSTBUDR7tJMLVTeJzZn7p9jN9inh4ooV1"
              "TEZOS") ]
  - [halt] (entry) @ location: 17 (remaining gas: unaccounted)
    [ 0x05010000000554455a4f53
      (Pair "edpkuBknW28nW72KG6RoHtYW7p12T6GKc7nAbwYX5m8Wd9sDVC9yav"
            "edsigu6Ue4mQgPC5aCFqqjitU9pCs5VErXrfPTAZffyJepccGzDEEBExtuPjGuMc2ZRSTBUDR7tJMLVTeJzZn7p9jN9inh4ooV1"
            "TEZOS") ]
    - control: KUndip
    - control: KCons
    - [log] (exit) @ location: 16 (remaining gas: unaccounted)
      [ "edsigu6Ue4mQgPC5aCFqqjitU9pCs5VErXrfPTAZffyJepccGzDEEBExtuPjGuMc2ZRSTBUDR7tJMLVTeJzZn7p9jN9inh4ooV1"
        0x05010000000554455a4f53
        (Pair "edpkuBknW28nW72KG6RoHtYW7p12T6GKc7nAbwYX5m8Wd9sDVC9yav"
              "edsigu6Ue4mQgPC5aCFqqjitU9pCs5VErXrfPTAZffyJepccGzDEEBExtuPjGuMc2ZRSTBUDR7tJMLVTeJzZn7p9jN9inh4ooV1"
              "TEZOS") ]
  - [halt] (entry) @ location: 12 (remaining gas: unaccounted)
    [ "edsigu6Ue4mQgPC5aCFqqjitU9pCs5VErXrfPTAZffyJepccGzDEEBExtuPjGuMc2ZRSTBUDR7tJMLVTeJzZn7p9jN9inh4ooV1"
      0x05010000000554455a4f53
      (Pair "edpkuBknW28nW72KG6RoHtYW7p12T6GKc7nAbwYX5m8Wd9sDVC9yav"
            "edsigu6Ue4mQgPC5aCFqqjitU9pCs5VErXrfPTAZffyJepccGzDEEBExtuPjGuMc2ZRSTBUDR7tJMLVTeJzZn7p9jN9inh4ooV1"
            "TEZOS") ]
    - control: KUndip
    - control: KCons
    - [log] (exit) @ location: 11 (remaining gas: unaccounted)
      [ (Pair "edpkuBknW28nW72KG6RoHtYW7p12T6GKc7nAbwYX5m8Wd9sDVC9yav"
              "edsigu6Ue4mQgPC5aCFqqjitU9pCs5VErXrfPTAZffyJepccGzDEEBExtuPjGuMc2ZRSTBUDR7tJMLVTeJzZn7p9jN9inh4ooV1"
              "TEZOS")
        "edsigu6Ue4mQgPC5aCFqqjitU9pCs5VErXrfPTAZffyJepccGzDEEBExtuPjGuMc2ZRSTBUDR7tJMLVTeJzZn7p9jN9inh4ooV1"
        0x05010000000554455a4f53
        (Pair "edpkuBknW28nW72KG6RoHtYW7p12T6GKc7nAbwYX5m8Wd9sDVC9yav"
              "edsigu6Ue4mQgPC5aCFqqjitU9pCs5VErXrfPTAZffyJepccGzDEEBExtuPjGuMc2ZRSTBUDR7tJMLVTeJzZn7p9jN9inh4ooV1"
              "TEZOS") ]
  - CAR (entry) @ location: 20 (remaining gas: unaccounted)
    [ (Pair "edpkuBknW28nW72KG6RoHtYW7p12T6GKc7nAbwYX5m8Wd9sDVC9yav"
            "edsigu6Ue4mQgPC5aCFqqjitU9pCs5VErXrfPTAZffyJepccGzDEEBExtuPjGuMc2ZRSTBUDR7tJMLVTeJzZn7p9jN9inh4ooV1"
            "TEZOS")
      "edsigu6Ue4mQgPC5aCFqqjitU9pCs5VErXrfPTAZffyJepccGzDEEBExtuPjGuMc2ZRSTBUDR7tJMLVTeJzZn7p9jN9inh4ooV1"
      0x05010000000554455a4f53
      (Pair "edpkuBknW28nW72KG6RoHtYW7p12T6GKc7nAbwYX5m8Wd9sDVC9yav"
            "edsigu6Ue4mQgPC5aCFqqjitU9pCs5VErXrfPTAZffyJepccGzDEEBExtuPjGuMc2ZRSTBUDR7tJMLVTeJzZn7p9jN9inh4ooV1"
            "TEZOS") ]
    - [log] (exit) @ location: 20 (remaining gas: unaccounted)
      [ "edpkuBknW28nW72KG6RoHtYW7p12T6GKc7nAbwYX5m8Wd9sDVC9yav"
        "edsigu6Ue4mQgPC5aCFqqjitU9pCs5VErXrfPTAZffyJepccGzDEEBExtuPjGuMc2ZRSTBUDR7tJMLVTeJzZn7p9jN9inh4ooV1"
        0x05010000000554455a4f53
        (Pair "edpkuBknW28nW72KG6RoHtYW7p12T6GKc7nAbwYX5m8Wd9sDVC9yav"
              "edsigu6Ue4mQgPC5aCFqqjitU9pCs5VErXrfPTAZffyJepccGzDEEBExtuPjGuMc2ZRSTBUDR7tJMLVTeJzZn7p9jN9inh4ooV1"
              "TEZOS") ]
  - CHECK_SIGNATURE (entry) @ location: 21 (remaining gas: unaccounted)
    [ "edpkuBknW28nW72KG6RoHtYW7p12T6GKc7nAbwYX5m8Wd9sDVC9yav"
      "edsigu6Ue4mQgPC5aCFqqjitU9pCs5VErXrfPTAZffyJepccGzDEEBExtuPjGuMc2ZRSTBUDR7tJMLVTeJzZn7p9jN9inh4ooV1"
      0x05010000000554455a4f53
      (Pair "edpkuBknW28nW72KG6RoHtYW7p12T6GKc7nAbwYX5m8Wd9sDVC9yav"
            "edsigu6Ue4mQgPC5aCFqqjitU9pCs5VErXrfPTAZffyJepccGzDEEBExtuPjGuMc2ZRSTBUDR7tJMLVTeJzZn7p9jN9inh4ooV1"
            "TEZOS") ]
    - [log] (exit) @ location: 21 (remaining gas: unaccounted)
      [ True
        (Pair "edpkuBknW28nW72KG6RoHtYW7p12T6GKc7nAbwYX5m8Wd9sDVC9yav"
              "edsigu6Ue4mQgPC5aCFqqjitU9pCs5VErXrfPTAZffyJepccGzDEEBExtuPjGuMc2ZRSTBUDR7tJMLVTeJzZn7p9jN9inh4ooV1"
              "TEZOS") ]
  - IF (entry) @ location: 22 (remaining gas: unaccounted)
    [ True
      (Pair "edpkuBknW28nW72KG6RoHtYW7p12T6GKc7nAbwYX5m8Wd9sDVC9yav"
            "edsigu6Ue4mQgPC5aCFqqjitU9pCs5VErXrfPTAZffyJepccGzDEEBExtuPjGuMc2ZRSTBUDR7tJMLVTeJzZn7p9jN9inh4ooV1"
            "TEZOS") ]
    - [log] (exit) @ location: 22 (remaining gas: unaccounted)
      [ (Pair "edpkuBknW28nW72KG6RoHtYW7p12T6GKc7nAbwYX5m8Wd9sDVC9yav"
              "edsigu6Ue4mQgPC5aCFqqjitU9pCs5VErXrfPTAZffyJepccGzDEEBExtuPjGuMc2ZRSTBUDR7tJMLVTeJzZn7p9jN9inh4ooV1"
              "TEZOS") ]
  - [halt] (entry) @ location: 28 (remaining gas: unaccounted)
    [ (Pair "edpkuBknW28nW72KG6RoHtYW7p12T6GKc7nAbwYX5m8Wd9sDVC9yav"
            "edsigu6Ue4mQgPC5aCFqqjitU9pCs5VErXrfPTAZffyJepccGzDEEBExtuPjGuMc2ZRSTBUDR7tJMLVTeJzZn7p9jN9inh4ooV1"
            "TEZOS") ]
    - control: KCons
    - [log] (exit) @ location: 22 (remaining gas: unaccounted)
      [ (Pair "edpkuBknW28nW72KG6RoHtYW7p12T6GKc7nAbwYX5m8Wd9sDVC9yav"
              "edsigu6Ue4mQgPC5aCFqqjitU9pCs5VErXrfPTAZffyJepccGzDEEBExtuPjGuMc2ZRSTBUDR7tJMLVTeJzZn7p9jN9inh4ooV1"
              "TEZOS") ]
  - CDR (entry) @ location: 28 (remaining gas: unaccounted)
    [ (Pair "edpkuBknW28nW72KG6RoHtYW7p12T6GKc7nAbwYX5m8Wd9sDVC9yav"
            "edsigu6Ue4mQgPC5aCFqqjitU9pCs5VErXrfPTAZffyJepccGzDEEBExtuPjGuMc2ZRSTBUDR7tJMLVTeJzZn7p9jN9inh4ooV1"
            "TEZOS") ]
    - [log] (exit) @ location: 28 (remaining gas: unaccounted)
      [ (Pair "edsigu6Ue4mQgPC5aCFqqjitU9pCs5VErXrfPTAZffyJepccGzDEEBExtuPjGuMc2ZRSTBUDR7tJMLVTeJzZn7p9jN9inh4ooV1"
              "TEZOS") ]
  - NIL (entry) @ location: 29 (remaining gas: unaccounted)
    [ (Pair "edsigu6Ue4mQgPC5aCFqqjitU9pCs5VErXrfPTAZffyJepccGzDEEBExtuPjGuMc2ZRSTBUDR7tJMLVTeJzZn7p9jN9inh4ooV1"
            "TEZOS") ]
    - [log] (exit) @ location: 29 (remaining gas: unaccounted)
      [ {}
        (Pair "edsigu6Ue4mQgPC5aCFqqjitU9pCs5VErXrfPTAZffyJepccGzDEEBExtuPjGuMc2ZRSTBUDR7tJMLVTeJzZn7p9jN9inh4ooV1"
              "TEZOS") ]
  - PAIR (entry) @ location: 31 (remaining gas: unaccounted)
    [ {}
      (Pair "edsigu6Ue4mQgPC5aCFqqjitU9pCs5VErXrfPTAZffyJepccGzDEEBExtuPjGuMc2ZRSTBUDR7tJMLVTeJzZn7p9jN9inh4ooV1"
            "TEZOS") ]
    - [log] (exit) @ location: 31 (remaining gas: unaccounted)
      [ (Pair {}
              "edsigu6Ue4mQgPC5aCFqqjitU9pCs5VErXrfPTAZffyJepccGzDEEBExtuPjGuMc2ZRSTBUDR7tJMLVTeJzZn7p9jN9inh4ooV1"
              "TEZOS") ]
  - [halt] (entry) @ location: 8 (remaining gas: unaccounted)
    [ (Pair {}
            "edsigu6Ue4mQgPC5aCFqqjitU9pCs5VErXrfPTAZffyJepccGzDEEBExtuPjGuMc2ZRSTBUDR7tJMLVTeJzZn7p9jN9inh4ooV1"
            "TEZOS") ]
    - control: KNil
