cps_fact.out

trace
  - UNPAIR (interp) @ location: 7 (remaining gas: unaccounted)
    [ (Pair 2 60) ]
  - UNPAIR (entry) @ location: 7 (remaining gas: unaccounted)
    [ (Pair 2 60) ]
    - [log] (exit) @ location: 7 (remaining gas: unaccounted)
      [ 2
        60 ]
  - DIP (entry) @ location: 8 (remaining gas: unaccounted)
    [ 2
      60 ]
    - [log] (exit) @ location: 8 (remaining gas: unaccounted)
      [ 60 ]
  - SELF (entry) @ location: 10 (remaining gas: unaccounted)
    [ 60 ]
    - [log] (exit) @ location: 10 (remaining gas: unaccounted)
      [ "tz1Ke2h7sDdakHJQh8WX4Z372du1KChsksyU"
        60 ]
  - ADDRESS (entry) @ location: 11 (remaining gas: unaccounted)
    [ "tz1Ke2h7sDdakHJQh8WX4Z372du1KChsksyU"
      60 ]
    - [log] (exit) @ location: 11 (remaining gas: unaccounted)
      [ "tz1Ke2h7sDdakHJQh8WX4Z372du1KChsksyU"
        60 ]
  - SENDER (entry) @ location: 12 (remaining gas: unaccounted)
    [ "tz1Ke2h7sDdakHJQh8WX4Z372du1KChsksyU"
      60 ]
    - [log] (exit) @ location: 12 (remaining gas: unaccounted)
      [ "tz1Ke2h7sDdakHJQh8WX4Z372du1KChsksyU"
        "tz1Ke2h7sDdakHJQh8WX4Z372du1KChsksyU"
        60 ]
  - COMPARE (entry) @ location: 14 (remaining gas: unaccounted)
    [ "tz1Ke2h7sDdakHJQh8WX4Z372du1KChsksyU"
      "tz1Ke2h7sDdakHJQh8WX4Z372du1KChsksyU"
      60 ]
    - [log] (exit) @ location: 14 (remaining gas: unaccounted)
      [ 0
        60 ]
  - EQ (entry) @ location: 15 (remaining gas: unaccounted)
    [ 0
      60 ]
    - [log] (exit) @ location: 15 (remaining gas: unaccounted)
      [ True
        60 ]
  - IF (entry) @ location: 16 (remaining gas: unaccounted)
    [ True
      60 ]
    - [log] (exit) @ location: 16 (remaining gas: unaccounted)
      [ 60 ]
  - [halt] (entry) @ location: 9 (remaining gas: unaccounted)
    [ 60 ]
    - control: KCons
    - [log] (exit) @ location: 16 (remaining gas: unaccounted)
      [ 60 ]
  - [halt] (entry) @ location: 9 (remaining gas: unaccounted)
    [ 60 ]
    - control: KUndip
    - control: KCons
    - [log] (exit) @ location: 8 (remaining gas: unaccounted)
      [ 2
        60 ]
  - DUP (entry) @ location: 23 (remaining gas: unaccounted)
    [ 2
      60 ]
    - [log] (exit) @ location: 23 (remaining gas: unaccounted)
      [ 2
        2
        60 ]
  - CONST (entry) @ location: 24 (remaining gas: unaccounted)
    [ 2
      2
      60 ]
    - [log] (exit) @ location: 24 (remaining gas: unaccounted)
      [ 1
        2
        2
        60 ]
  - COMPARE (entry) @ location: 28 (remaining gas: unaccounted)
    [ 1
      2
      2
      60 ]
    - [log] (exit) @ location: 28 (remaining gas: unaccounted)
      [ -1
        2
        60 ]
  - GE (entry) @ location: 29 (remaining gas: unaccounted)
    [ -1
      2
      60 ]
    - [log] (exit) @ location: 29 (remaining gas: unaccounted)
      [ False
        2
        60 ]
  - IF (entry) @ location: 30 (remaining gas: unaccounted)
    [ False
      2
      60 ]
    - [log] (exit) @ location: 30 (remaining gas: unaccounted)
      [ 2
        60 ]
  - CONST (entry) @ location: 37 (remaining gas: unaccounted)
    [ 2
      60 ]
    - [log] (exit) @ location: 37 (remaining gas: unaccounted)
      [ 1
        2
        60 ]
  - SWAP (entry) @ location: 40 (remaining gas: unaccounted)
    [ 1
      2
      60 ]
    - [log] (exit) @ location: 40 (remaining gas: unaccounted)
      [ 2
        1
        60 ]
  - SUB (entry) @ location: 41 (remaining gas: unaccounted)
    [ 2
      1
      60 ]
    - [log] (exit) @ location: 41 (remaining gas: unaccounted)
      [ 1
        60 ]
  - ISNAT (entry) @ location: 42 (remaining gas: unaccounted)
    [ 1
      60 ]
    - [log] (exit) @ location: 42 (remaining gas: unaccounted)
      [ (Some 1)
        60 ]
  - IF_NONE (entry) @ location: 43 (remaining gas: unaccounted)
    [ (Some 1)
      60 ]
    - [log] (exit) @ location: 43 (remaining gas: unaccounted)
      [ 1
        60 ]
  - DUP (entry) @ location: 49 (remaining gas: unaccounted)
    [ 1
      60 ]
    - [log] (exit) @ location: 49 (remaining gas: unaccounted)
      [ 1
        1
        60 ]
  - DIP (entry) @ location: 50 (remaining gas: unaccounted)
    [ 1
      1
      60 ]
    - [log] (exit) @ location: 50 (remaining gas: unaccounted)
      [ 1
        60 ]
  - CONST (entry) @ location: 52 (remaining gas: unaccounted)
    [ 1
      60 ]
    - [log] (exit) @ location: 52 (remaining gas: unaccounted)
      [ 1
        1
        60 ]
  - ADD (entry) @ location: 55 (remaining gas: unaccounted)
    [ 1
      1
      60 ]
    - [log] (exit) @ location: 55 (remaining gas: unaccounted)
      [ 2
        60 ]
  - MUL (entry) @ location: 56 (remaining gas: unaccounted)
    [ 2
      60 ]
    - [log] (exit) @ location: 56 (remaining gas: unaccounted)
      [ 120 ]
  - [halt] (entry) @ location: 51 (remaining gas: unaccounted)
    [ 120 ]
    - control: KUndip
    - control: KCons
    - [log] (exit) @ location: 50 (remaining gas: unaccounted)
      [ 1
        120 ]
  - SWAP (entry) @ location: 57 (remaining gas: unaccounted)
    [ 1
      120 ]
    - [log] (exit) @ location: 57 (remaining gas: unaccounted)
      [ 120
        1 ]
  - DIP (entry) @ location: 58 (remaining gas: unaccounted)
    [ 120
      1 ]
    - [log] (exit) @ location: 58 (remaining gas: unaccounted)
      [ 1 ]
  - DIP (entry) @ location: 60 (remaining gas: unaccounted)
    [ 1 ]
    - [log] (exit) @ location: 60 (remaining gas: unaccounted)
      [  ]
  - SELF (entry) @ location: 62 (remaining gas: unaccounted)
    [  ]
    - [log] (exit) @ location: 62 (remaining gas: unaccounted)
      [ "tz1Ke2h7sDdakHJQh8WX4Z372du1KChsksyU" ]
  - CONST (entry) @ location: 63 (remaining gas: unaccounted)
    [ "tz1Ke2h7sDdakHJQh8WX4Z372du1KChsksyU" ]
    - [log] (exit) @ location: 63 (remaining gas: unaccounted)
      [ 0
        "tz1Ke2h7sDdakHJQh8WX4Z372du1KChsksyU" ]
  - [halt] (entry) @ location: 61 (remaining gas: unaccounted)
    [ 0
      "tz1Ke2h7sDdakHJQh8WX4Z372du1KChsksyU" ]
    - control: KUndip
    - control: KCons
    - [log] (exit) @ location: 60 (remaining gas: unaccounted)
      [ 1
        0
        "tz1Ke2h7sDdakHJQh8WX4Z372du1KChsksyU" ]
  - TRANSFER_TOKENS (entry) @ location: 66 (remaining gas: unaccounted)
    [ 1
      0
      "tz1Ke2h7sDdakHJQh8WX4Z372du1KChsksyU" ]
    - [log] (exit) @ location: 66 (remaining gas: unaccounted)
      [ 0x000000000000000000000000000000000000000000000000010000000000000000000000000000000000000000000000ff00000000020001 ]
  - NIL (entry) @ location: 67 (remaining gas: unaccounted)
    [ 0x000000000000000000000000000000000000000000000000010000000000000000000000000000000000000000000000ff00000000020001 ]
    - [log] (exit) @ location: 67 (remaining gas: unaccounted)
      [ {}
        0x000000000000000000000000000000000000000000000000010000000000000000000000000000000000000000000000ff00000000020001 ]
  - SWAP (entry) @ location: 69 (remaining gas: unaccounted)
    [ {}
      0x000000000000000000000000000000000000000000000000010000000000000000000000000000000000000000000000ff00000000020001 ]
    - [log] (exit) @ location: 69 (remaining gas: unaccounted)
      [ 0x000000000000000000000000000000000000000000000000010000000000000000000000000000000000000000000000ff00000000020001
        {} ]
  - CONS (entry) @ location: 70 (remaining gas: unaccounted)
    [ 0x000000000000000000000000000000000000000000000000010000000000000000000000000000000000000000000000ff00000000020001
      {} ]
    - [log] (exit) @ location: 70 (remaining gas: unaccounted)
      [ { 0x000000000000000000000000000000000000000000000000010000000000000000000000000000000000000000000000ff00000000020001 } ]
  - [halt] (entry) @ location: 59 (remaining gas: unaccounted)
    [ { 0x000000000000000000000000000000000000000000000000010000000000000000000000000000000000000000000000ff00000000020001 } ]
    - control: KUndip
    - control: KCons
    - [log] (exit) @ location: 58 (remaining gas: unaccounted)
      [ 120
        { 0x000000000000000000000000000000000000000000000000010000000000000000000000000000000000000000000000ff00000000020001 } ]
  - SWAP (entry) @ location: 71 (remaining gas: unaccounted)
    [ 120
      { 0x000000000000000000000000000000000000000000000000010000000000000000000000000000000000000000000000ff00000000020001 } ]
    - [log] (exit) @ location: 71 (remaining gas: unaccounted)
      [ { 0x000000000000000000000000000000000000000000000000010000000000000000000000000000000000000000000000ff00000000020001 }
        120 ]
  - PAIR (entry) @ location: 72 (remaining gas: unaccounted)
    [ { 0x000000000000000000000000000000000000000000000000010000000000000000000000000000000000000000000000ff00000000020001 }
      120 ]
    - [log] (exit) @ location: 72 (remaining gas: unaccounted)
      [ (Pair { 0x000000000000000000000000000000000000000000000000010000000000000000000000000000000000000000000000ff00000000020001 }
              120) ]
  - [halt] (entry) @ location: 6 (remaining gas: unaccounted)
    [ (Pair { 0x000000000000000000000000000000000000000000000000010000000000000000000000000000000000000000000000ff00000000020001 }
            120) ]
    - control: KCons
    - [log] (exit) @ location: 43 (remaining gas: unaccounted)
      [ (Pair { 0x000000000000000000000000000000000000000000000000010000000000000000000000000000000000000000000000ff00000000020001 }
              120) ]
  - [halt] (entry) @ location: 6 (remaining gas: unaccounted)
    [ (Pair { 0x000000000000000000000000000000000000000000000000010000000000000000000000000000000000000000000000ff00000000020001 }
            120) ]
    - control: KCons
    - [log] (exit) @ location: 30 (remaining gas: unaccounted)
      [ (Pair { 0x000000000000000000000000000000000000000000000000010000000000000000000000000000000000000000000000ff00000000020001 }
              120) ]
  - [halt] (entry) @ location: 6 (remaining gas: unaccounted)
    [ (Pair { 0x000000000000000000000000000000000000000000000000010000000000000000000000000000000000000000000000ff00000000020001 }
            120) ]
    - control: KNil
