dugn.out

trace
  - CAR (interp) @ location: 15 (remaining gas: unaccounted)
    [ (Pair (Pair (Pair (Pair (Pair 0 1) 2) 3) 4) 7) ]
  - CAR (entry) @ location: 15 (remaining gas: unaccounted)
    [ (Pair (Pair (Pair (Pair (Pair 0 1) 2) 3) 4) 7) ]
    - [log] (exit) @ location: 15 (remaining gas: unaccounted)
      [ (Pair (Pair (Pair (Pair 0 1) 2) 3) 4) ]
  - UNPAIR (entry) @ location: 16 (remaining gas: unaccounted)
    [ (Pair (Pair (Pair (Pair 0 1) 2) 3) 4) ]
    - [log] (exit) @ location: 16 (remaining gas: unaccounted)
      [ (Pair (Pair (Pair 0 1) 2) 3)
        4 ]
  - UNPAIR (entry) @ location: 17 (remaining gas: unaccounted)
    [ (Pair (Pair (Pair 0 1) 2) 3)
      4 ]
    - [log] (exit) @ location: 17 (remaining gas: unaccounted)
      [ (Pair (Pair 0 1) 2)
        3
        4 ]
  - UNPAIR (entry) @ location: 18 (remaining gas: unaccounted)
    [ (Pair (Pair 0 1) 2)
      3
      4 ]
    - [log] (exit) @ location: 18 (remaining gas: unaccounted)
      [ (Pair 0 1)
        2
        3
        4 ]
  - UNPAIR (entry) @ location: 19 (remaining gas: unaccounted)
    [ (Pair 0 1)
      2
      3
      4 ]
    - [log] (exit) @ location: 19 (remaining gas: unaccounted)
      [ 0
        1
        2
        3
        4 ]
  - DUG (entry) @ location: 20 (remaining gas: unaccounted)
    [ 0
      1
      2
      3
      4 ]
    - [log] (exit) @ location: 20 (remaining gas: unaccounted)
      [ 1
        2
        3
        4
        0 ]
  - DROP (entry) @ location: 22 (remaining gas: unaccounted)
    [ 1
      2
      3
      4
      0 ]
    - [log] (exit) @ location: 22 (remaining gas: unaccounted)
      [ 2
        3
        4
        0 ]
  - DROP (entry) @ location: 23 (remaining gas: unaccounted)
    [ 2
      3
      4
      0 ]
    - [log] (exit) @ location: 23 (remaining gas: unaccounted)
      [ 3
        4
        0 ]
  - DROP (entry) @ location: 24 (remaining gas: unaccounted)
    [ 3
      4
      0 ]
    - [log] (exit) @ location: 24 (remaining gas: unaccounted)
      [ 4
        0 ]
  - DROP (entry) @ location: 25 (remaining gas: unaccounted)
    [ 4
      0 ]
    - [log] (exit) @ location: 25 (remaining gas: unaccounted)
      [ 0 ]
  - NIL (entry) @ location: 26 (remaining gas: unaccounted)
    [ 0 ]
    - [log] (exit) @ location: 26 (remaining gas: unaccounted)
      [ {}
        0 ]
  - PAIR (entry) @ location: 28 (remaining gas: unaccounted)
    [ {}
      0 ]
    - [log] (exit) @ location: 28 (remaining gas: unaccounted)
      [ (Pair {} 0) ]
  - [halt] (entry) @ location: 14 (remaining gas: unaccounted)
    [ (Pair {} 0) ]
    - control: KNil
