ediv.out

trace
  - CAR (interp) @ location: 25 (remaining gas: unaccounted)
    [ (Pair (Pair 127 11) None None None None) ]
  - CAR (entry) @ location: 25 (remaining gas: unaccounted)
    [ (Pair (Pair 127 11) None None None None) ]
    - [log] (exit) @ location: 25 (remaining gas: unaccounted)
      [ (Pair 127 11) ]
  - DUP (entry) @ location: 26 (remaining gas: unaccounted)
    [ (Pair 127 11) ]
    - [log] (exit) @ location: 26 (remaining gas: unaccounted)
      [ (Pair 127 11)
        (Pair 127 11) ]
  - UNPAIR (entry) @ location: 27 (remaining gas: unaccounted)
    [ (Pair 127 11)
      (Pair 127 11) ]
    - [log] (exit) @ location: 27 (remaining gas: unaccounted)
      [ 127
        11
        (Pair 127 11) ]
  - ABS (entry) @ location: 28 (remaining gas: unaccounted)
    [ 127
      11
      (Pair 127 11) ]
    - [log] (exit) @ location: 28 (remaining gas: unaccounted)
      [ 127
        11
        (Pair 127 11) ]
  - DIP (entry) @ location: 29 (remaining gas: unaccounted)
    [ 127
      11
      (Pair 127 11) ]
    - [log] (exit) @ location: 29 (remaining gas: unaccounted)
      [ 11
        (Pair 127 11) ]
  - ABS (entry) @ location: 31 (remaining gas: unaccounted)
    [ 11
      (Pair 127 11) ]
    - [log] (exit) @ location: 31 (remaining gas: unaccounted)
      [ 11
        (Pair 127 11) ]
  - [halt] (entry) @ location: 31 (remaining gas: unaccounted)
    [ 11
      (Pair 127 11) ]
    - control: KUndip
    - control: KCons
    - [log] (exit) @ location: 29 (remaining gas: unaccounted)
      [ 127
        11
        (Pair 127 11) ]
  - EDIV (entry) @ location: 32 (remaining gas: unaccounted)
    [ 127
      11
      (Pair 127 11) ]
    - [log] (exit) @ location: 32 (remaining gas: unaccounted)
      [ (Some (Pair 11 6))
        (Pair 127 11) ]
  - SWAP (entry) @ location: 33 (remaining gas: unaccounted)
    [ (Some (Pair 11 6))
      (Pair 127 11) ]
    - [log] (exit) @ location: 33 (remaining gas: unaccounted)
      [ (Pair 127 11)
        (Some (Pair 11 6)) ]
  - DUP (entry) @ location: 34 (remaining gas: unaccounted)
    [ (Pair 127 11)
      (Some (Pair 11 6)) ]
    - [log] (exit) @ location: 34 (remaining gas: unaccounted)
      [ (Pair 127 11)
        (Pair 127 11)
        (Some (Pair 11 6)) ]
  - UNPAIR (entry) @ location: 35 (remaining gas: unaccounted)
    [ (Pair 127 11)
      (Pair 127 11)
      (Some (Pair 11 6)) ]
    - [log] (exit) @ location: 35 (remaining gas: unaccounted)
      [ 127
        11
        (Pair 127 11)
        (Some (Pair 11 6)) ]
  - ABS (entry) @ location: 36 (remaining gas: unaccounted)
    [ 127
      11
      (Pair 127 11)
      (Some (Pair 11 6)) ]
    - [log] (exit) @ location: 36 (remaining gas: unaccounted)
      [ 127
        11
        (Pair 127 11)
        (Some (Pair 11 6)) ]
  - EDIV (entry) @ location: 37 (remaining gas: unaccounted)
    [ 127
      11
      (Pair 127 11)
      (Some (Pair 11 6)) ]
    - [log] (exit) @ location: 37 (remaining gas: unaccounted)
      [ (Some (Pair 11 6))
        (Pair 127 11)
        (Some (Pair 11 6)) ]
  - SWAP (entry) @ location: 38 (remaining gas: unaccounted)
    [ (Some (Pair 11 6))
      (Pair 127 11)
      (Some (Pair 11 6)) ]
    - [log] (exit) @ location: 38 (remaining gas: unaccounted)
      [ (Pair 127 11)
        (Some (Pair 11 6))
        (Some (Pair 11 6)) ]
  - DUP (entry) @ location: 39 (remaining gas: unaccounted)
    [ (Pair 127 11)
      (Some (Pair 11 6))
      (Some (Pair 11 6)) ]
    - [log] (exit) @ location: 39 (remaining gas: unaccounted)
      [ (Pair 127 11)
        (Pair 127 11)
        (Some (Pair 11 6))
        (Some (Pair 11 6)) ]
  - UNPAIR (entry) @ location: 40 (remaining gas: unaccounted)
    [ (Pair 127 11)
      (Pair 127 11)
      (Some (Pair 11 6))
      (Some (Pair 11 6)) ]
    - [log] (exit) @ location: 40 (remaining gas: unaccounted)
      [ 127
        11
        (Pair 127 11)
        (Some (Pair 11 6))
        (Some (Pair 11 6)) ]
  - DIP (entry) @ location: 41 (remaining gas: unaccounted)
    [ 127
      11
      (Pair 127 11)
      (Some (Pair 11 6))
      (Some (Pair 11 6)) ]
    - [log] (exit) @ location: 41 (remaining gas: unaccounted)
      [ 11
        (Pair 127 11)
        (Some (Pair 11 6))
        (Some (Pair 11 6)) ]
  - ABS (entry) @ location: 43 (remaining gas: unaccounted)
    [ 11
      (Pair 127 11)
      (Some (Pair 11 6))
      (Some (Pair 11 6)) ]
    - [log] (exit) @ location: 43 (remaining gas: unaccounted)
      [ 11
        (Pair 127 11)
        (Some (Pair 11 6))
        (Some (Pair 11 6)) ]
  - [halt] (entry) @ location: 43 (remaining gas: unaccounted)
    [ 11
      (Pair 127 11)
      (Some (Pair 11 6))
      (Some (Pair 11 6)) ]
    - control: KUndip
    - control: KCons
    - [log] (exit) @ location: 41 (remaining gas: unaccounted)
      [ 127
        11
        (Pair 127 11)
        (Some (Pair 11 6))
        (Some (Pair 11 6)) ]
  - EDIV (entry) @ location: 44 (remaining gas: unaccounted)
    [ 127
      11
      (Pair 127 11)
      (Some (Pair 11 6))
      (Some (Pair 11 6)) ]
    - [log] (exit) @ location: 44 (remaining gas: unaccounted)
      [ (Some (Pair 11 6))
        (Pair 127 11)
        (Some (Pair 11 6))
        (Some (Pair 11 6)) ]
  - SWAP (entry) @ location: 45 (remaining gas: unaccounted)
    [ (Some (Pair 11 6))
      (Pair 127 11)
      (Some (Pair 11 6))
      (Some (Pair 11 6)) ]
    - [log] (exit) @ location: 45 (remaining gas: unaccounted)
      [ (Pair 127 11)
        (Some (Pair 11 6))
        (Some (Pair 11 6))
        (Some (Pair 11 6)) ]
  - UNPAIR (entry) @ location: 46 (remaining gas: unaccounted)
    [ (Pair 127 11)
      (Some (Pair 11 6))
      (Some (Pair 11 6))
      (Some (Pair 11 6)) ]
    - [log] (exit) @ location: 46 (remaining gas: unaccounted)
      [ 127
        11
        (Some (Pair 11 6))
        (Some (Pair 11 6))
        (Some (Pair 11 6)) ]
  - EDIV (entry) @ location: 47 (remaining gas: unaccounted)
    [ 127
      11
      (Some (Pair 11 6))
      (Some (Pair 11 6))
      (Some (Pair 11 6)) ]
    - [log] (exit) @ location: 47 (remaining gas: unaccounted)
      [ (Some (Pair 11 6))
        (Some (Pair 11 6))
        (Some (Pair 11 6))
        (Some (Pair 11 6)) ]
  - DIP (entry) @ location: 49 (remaining gas: unaccounted)
    [ (Some (Pair 11 6))
      (Some (Pair 11 6))
      (Some (Pair 11 6))
      (Some (Pair 11 6)) ]
    - [log] (exit) @ location: 49 (remaining gas: unaccounted)
      [ (Some (Pair 11 6))
        (Some (Pair 11 6)) ]
  - PAIR (entry) @ location: 52 (remaining gas: unaccounted)
    [ (Some (Pair 11 6))
      (Some (Pair 11 6)) ]
    - [log] (exit) @ location: 52 (remaining gas: unaccounted)
      [ (Pair (Some (Pair 11 6)) (Some (Pair 11 6))) ]
  - [halt] (entry) @ location: 52 (remaining gas: unaccounted)
    [ (Pair (Some (Pair 11 6)) (Some (Pair 11 6))) ]
    - control: KCons
    - CONST (entry) @ location: 49 (remaining gas: unaccounted)
      [ (Pair (Some (Pair 11 6)) (Some (Pair 11 6))) ]
      - [log] (exit) @ location: 49 (remaining gas: unaccounted)
        [ (Some (Pair 11 6))
          (Pair (Some (Pair 11 6)) (Some (Pair 11 6))) ]
    - CONST (entry) @ location: 49 (remaining gas: unaccounted)
      [ (Some (Pair 11 6))
        (Pair (Some (Pair 11 6)) (Some (Pair 11 6))) ]
      - [log] (exit) @ location: 49 (remaining gas: unaccounted)
        [ (Some (Pair 11 6))
          (Some (Pair 11 6))
          (Pair (Some (Pair 11 6)) (Some (Pair 11 6))) ]
    - [log] (exit) @ location: 49 (remaining gas: unaccounted)
      [ (Some (Pair 11 6))
        (Some (Pair 11 6))
        (Pair (Some (Pair 11 6)) (Some (Pair 11 6))) ]
  - DIP (entry) @ location: 53 (remaining gas: unaccounted)
    [ (Some (Pair 11 6))
      (Some (Pair 11 6))
      (Pair (Some (Pair 11 6)) (Some (Pair 11 6))) ]
    - [log] (exit) @ location: 53 (remaining gas: unaccounted)
      [ (Some (Pair 11 6))
        (Pair (Some (Pair 11 6)) (Some (Pair 11 6))) ]
  - PAIR (entry) @ location: 55 (remaining gas: unaccounted)
    [ (Some (Pair 11 6))
      (Pair (Some (Pair 11 6)) (Some (Pair 11 6))) ]
    - [log] (exit) @ location: 55 (remaining gas: unaccounted)
      [ (Pair (Some (Pair 11 6)) (Some (Pair 11 6)) (Some (Pair 11 6))) ]
  - [halt] (entry) @ location: 55 (remaining gas: unaccounted)
    [ (Pair (Some (Pair 11 6)) (Some (Pair 11 6)) (Some (Pair 11 6))) ]
    - control: KUndip
    - control: KCons
    - [log] (exit) @ location: 53 (remaining gas: unaccounted)
      [ (Some (Pair 11 6))
        (Pair (Some (Pair 11 6)) (Some (Pair 11 6)) (Some (Pair 11 6))) ]
  - PAIR (entry) @ location: 56 (remaining gas: unaccounted)
    [ (Some (Pair 11 6))
      (Pair (Some (Pair 11 6)) (Some (Pair 11 6)) (Some (Pair 11 6))) ]
    - [log] (exit) @ location: 56 (remaining gas: unaccounted)
      [ (Pair (Some (Pair 11 6)) (Some (Pair 11 6)) (Some (Pair 11 6)) (Some (Pair 11 6))) ]
  - NIL (entry) @ location: 57 (remaining gas: unaccounted)
    [ (Pair (Some (Pair 11 6)) (Some (Pair 11 6)) (Some (Pair 11 6)) (Some (Pair 11 6))) ]
    - [log] (exit) @ location: 57 (remaining gas: unaccounted)
      [ {}
        (Pair (Some (Pair 11 6)) (Some (Pair 11 6)) (Some (Pair 11 6)) (Some (Pair 11 6))) ]
  - PAIR (entry) @ location: 59 (remaining gas: unaccounted)
    [ {}
      (Pair (Some (Pair 11 6)) (Some (Pair 11 6)) (Some (Pair 11 6)) (Some (Pair 11 6))) ]
    - [log] (exit) @ location: 59 (remaining gas: unaccounted)
      [ (Pair {} (Some (Pair 11 6)) (Some (Pair 11 6)) (Some (Pair 11 6)) (Some (Pair 11 6))) ]
  - [halt] (entry) @ location: 24 (remaining gas: unaccounted)
    [ (Pair {} (Some (Pair 11 6)) (Some (Pair 11 6)) (Some (Pair 11 6)) (Some (Pair 11 6))) ]
    - control: KNil
