list_map_block.out

trace
  - CAR (interp) @ location: 9 (remaining gas: unaccounted)
    [ (Pair { 1 ; 2 ; 3 ; 4 ; 5 ; 6 ; 7 } {}) ]
  - CAR (entry) @ location: 9 (remaining gas: unaccounted)
    [ (Pair { 1 ; 2 ; 3 ; 4 ; 5 ; 6 ; 7 } {}) ]
    - [log] (exit) @ location: 9 (remaining gas: unaccounted)
      [ { 1 ; 2 ; 3 ; 4 ; 5 ; 6 ; 7 } ]
  - CONST (entry) @ location: 10 (remaining gas: unaccounted)
    [ { 1 ; 2 ; 3 ; 4 ; 5 ; 6 ; 7 } ]
    - [log] (exit) @ location: 10 (remaining gas: unaccounted)
      [ 0
        { 1 ; 2 ; 3 ; 4 ; 5 ; 6 ; 7 } ]
  - SWAP (entry) @ location: 13 (remaining gas: unaccounted)
    [ 0
      { 1 ; 2 ; 3 ; 4 ; 5 ; 6 ; 7 } ]
    - [log] (exit) @ location: 13 (remaining gas: unaccounted)
      [ { 1 ; 2 ; 3 ; 4 ; 5 ; 6 ; 7 }
        0 ]
  - MAP (entry) @ location: 14 (remaining gas: unaccounted)
    [ { 1 ; 2 ; 3 ; 4 ; 5 ; 6 ; 7 }
      0 ]
    - control: KList_enter_body
    - [log] (exit) @ location: 14 (remaining gas: unaccounted)
      [ 1
        0 ]
  - DIP (entry) @ location: 16 (remaining gas: unaccounted)
    [ 1
      0 ]
    - [log] (exit) @ location: 16 (remaining gas: unaccounted)
      [ 0 ]
  - DUP (entry) @ location: 18 (remaining gas: unaccounted)
    [ 0 ]
    - [log] (exit) @ location: 18 (remaining gas: unaccounted)
      [ 0
        0 ]
  - [halt] (entry) @ location: 18 (remaining gas: unaccounted)
    [ 0
      0 ]
    - control: KUndip
    - control: KCons
    - [log] (exit) @ location: 16 (remaining gas: unaccounted)
      [ 1
        0
        0 ]
  - ADD (entry) @ location: 19 (remaining gas: unaccounted)
    [ 1
      0
      0 ]
    - [log] (exit) @ location: 19 (remaining gas: unaccounted)
      [ 1
        0 ]
  - DIP (entry) @ location: 20 (remaining gas: unaccounted)
    [ 1
      0 ]
    - [log] (exit) @ location: 20 (remaining gas: unaccounted)
      [ 0 ]
  - CONST (entry) @ location: 22 (remaining gas: unaccounted)
    [ 0 ]
    - [log] (exit) @ location: 22 (remaining gas: unaccounted)
      [ 1
        0 ]
  - ADD (entry) @ location: 25 (remaining gas: unaccounted)
    [ 1
      0 ]
    - [log] (exit) @ location: 25 (remaining gas: unaccounted)
      [ 1 ]
  - [halt] (entry) @ location: 21 (remaining gas: unaccounted)
    [ 1 ]
    - control: KUndip
    - control: KCons
    - [log] (exit) @ location: 20 (remaining gas: unaccounted)
      [ 1
        1 ]
  - [halt] (entry) @ location: 14 (remaining gas: unaccounted)
    [ 1
      1 ]
    - control: KList_exit_body
    - control: KList_enter_body
    - [log] (exit) @ location: 14 (remaining gas: unaccounted)
      [ 2
        1 ]
  - DIP (entry) @ location: 16 (remaining gas: unaccounted)
    [ 2
      1 ]
    - [log] (exit) @ location: 16 (remaining gas: unaccounted)
      [ 1 ]
  - DUP (entry) @ location: 18 (remaining gas: unaccounted)
    [ 1 ]
    - [log] (exit) @ location: 18 (remaining gas: unaccounted)
      [ 1
        1 ]
  - [halt] (entry) @ location: 18 (remaining gas: unaccounted)
    [ 1
      1 ]
    - control: KUndip
    - control: KCons
    - [log] (exit) @ location: 16 (remaining gas: unaccounted)
      [ 2
        1
        1 ]
  - ADD (entry) @ location: 19 (remaining gas: unaccounted)
    [ 2
      1
      1 ]
    - [log] (exit) @ location: 19 (remaining gas: unaccounted)
      [ 3
        1 ]
  - DIP (entry) @ location: 20 (remaining gas: unaccounted)
    [ 3
      1 ]
    - [log] (exit) @ location: 20 (remaining gas: unaccounted)
      [ 1 ]
  - CONST (entry) @ location: 22 (remaining gas: unaccounted)
    [ 1 ]
    - [log] (exit) @ location: 22 (remaining gas: unaccounted)
      [ 1
        1 ]
  - ADD (entry) @ location: 25 (remaining gas: unaccounted)
    [ 1
      1 ]
    - [log] (exit) @ location: 25 (remaining gas: unaccounted)
      [ 2 ]
  - [halt] (entry) @ location: 21 (remaining gas: unaccounted)
    [ 2 ]
    - control: KUndip
    - control: KCons
    - [log] (exit) @ location: 20 (remaining gas: unaccounted)
      [ 3
        2 ]
  - [halt] (entry) @ location: 14 (remaining gas: unaccounted)
    [ 3
      2 ]
    - control: KList_exit_body
    - control: KList_enter_body
    - [log] (exit) @ location: 14 (remaining gas: unaccounted)
      [ 3
        2 ]
  - DIP (entry) @ location: 16 (remaining gas: unaccounted)
    [ 3
      2 ]
    - [log] (exit) @ location: 16 (remaining gas: unaccounted)
      [ 2 ]
  - DUP (entry) @ location: 18 (remaining gas: unaccounted)
    [ 2 ]
    - [log] (exit) @ location: 18 (remaining gas: unaccounted)
      [ 2
        2 ]
  - [halt] (entry) @ location: 18 (remaining gas: unaccounted)
    [ 2
      2 ]
    - control: KUndip
    - control: KCons
    - [log] (exit) @ location: 16 (remaining gas: unaccounted)
      [ 3
        2
        2 ]
  - ADD (entry) @ location: 19 (remaining gas: unaccounted)
    [ 3
      2
      2 ]
    - [log] (exit) @ location: 19 (remaining gas: unaccounted)
      [ 5
        2 ]
  - DIP (entry) @ location: 20 (remaining gas: unaccounted)
    [ 5
      2 ]
    - [log] (exit) @ location: 20 (remaining gas: unaccounted)
      [ 2 ]
  - CONST (entry) @ location: 22 (remaining gas: unaccounted)
    [ 2 ]
    - [log] (exit) @ location: 22 (remaining gas: unaccounted)
      [ 1
        2 ]
  - ADD (entry) @ location: 25 (remaining gas: unaccounted)
    [ 1
      2 ]
    - [log] (exit) @ location: 25 (remaining gas: unaccounted)
      [ 3 ]
  - [halt] (entry) @ location: 21 (remaining gas: unaccounted)
    [ 3 ]
    - control: KUndip
    - control: KCons
    - [log] (exit) @ location: 20 (remaining gas: unaccounted)
      [ 5
        3 ]
  - [halt] (entry) @ location: 14 (remaining gas: unaccounted)
    [ 5
      3 ]
    - control: KList_exit_body
    - control: KList_enter_body
    - [log] (exit) @ location: 14 (remaining gas: unaccounted)
      [ 4
        3 ]
  - DIP (entry) @ location: 16 (remaining gas: unaccounted)
    [ 4
      3 ]
    - [log] (exit) @ location: 16 (remaining gas: unaccounted)
      [ 3 ]
  - DUP (entry) @ location: 18 (remaining gas: unaccounted)
    [ 3 ]
    - [log] (exit) @ location: 18 (remaining gas: unaccounted)
      [ 3
        3 ]
  - [halt] (entry) @ location: 18 (remaining gas: unaccounted)
    [ 3
      3 ]
    - control: KUndip
    - control: KCons
    - [log] (exit) @ location: 16 (remaining gas: unaccounted)
      [ 4
        3
        3 ]
  - ADD (entry) @ location: 19 (remaining gas: unaccounted)
    [ 4
      3
      3 ]
    - [log] (exit) @ location: 19 (remaining gas: unaccounted)
      [ 7
        3 ]
  - DIP (entry) @ location: 20 (remaining gas: unaccounted)
    [ 7
      3 ]
    - [log] (exit) @ location: 20 (remaining gas: unaccounted)
      [ 3 ]
  - CONST (entry) @ location: 22 (remaining gas: unaccounted)
    [ 3 ]
    - [log] (exit) @ location: 22 (remaining gas: unaccounted)
      [ 1
        3 ]
  - ADD (entry) @ location: 25 (remaining gas: unaccounted)
    [ 1
      3 ]
    - [log] (exit) @ location: 25 (remaining gas: unaccounted)
      [ 4 ]
  - [halt] (entry) @ location: 21 (remaining gas: unaccounted)
    [ 4 ]
    - control: KUndip
    - control: KCons
    - [log] (exit) @ location: 20 (remaining gas: unaccounted)
      [ 7
        4 ]
  - [halt] (entry) @ location: 14 (remaining gas: unaccounted)
    [ 7
      4 ]
    - control: KList_exit_body
    - control: KList_enter_body
    - [log] (exit) @ location: 14 (remaining gas: unaccounted)
      [ 5
        4 ]
  - DIP (entry) @ location: 16 (remaining gas: unaccounted)
    [ 5
      4 ]
    - [log] (exit) @ location: 16 (remaining gas: unaccounted)
      [ 4 ]
  - DUP (entry) @ location: 18 (remaining gas: unaccounted)
    [ 4 ]
    - [log] (exit) @ location: 18 (remaining gas: unaccounted)
      [ 4
        4 ]
  - [halt] (entry) @ location: 18 (remaining gas: unaccounted)
    [ 4
      4 ]
    - control: KUndip
    - control: KCons
    - [log] (exit) @ location: 16 (remaining gas: unaccounted)
      [ 5
        4
        4 ]
  - ADD (entry) @ location: 19 (remaining gas: unaccounted)
    [ 5
      4
      4 ]
    - [log] (exit) @ location: 19 (remaining gas: unaccounted)
      [ 9
        4 ]
  - DIP (entry) @ location: 20 (remaining gas: unaccounted)
    [ 9
      4 ]
    - [log] (exit) @ location: 20 (remaining gas: unaccounted)
      [ 4 ]
  - CONST (entry) @ location: 22 (remaining gas: unaccounted)
    [ 4 ]
    - [log] (exit) @ location: 22 (remaining gas: unaccounted)
      [ 1
        4 ]
  - ADD (entry) @ location: 25 (remaining gas: unaccounted)
    [ 1
      4 ]
    - [log] (exit) @ location: 25 (remaining gas: unaccounted)
      [ 5 ]
  - [halt] (entry) @ location: 21 (remaining gas: unaccounted)
    [ 5 ]
    - control: KUndip
    - control: KCons
    - [log] (exit) @ location: 20 (remaining gas: unaccounted)
      [ 9
        5 ]
  - [halt] (entry) @ location: 14 (remaining gas: unaccounted)
    [ 9
      5 ]
    - control: KList_exit_body
    - control: KList_enter_body
    - [log] (exit) @ location: 14 (remaining gas: unaccounted)
      [ 6
        5 ]
  - DIP (entry) @ location: 16 (remaining gas: unaccounted)
    [ 6
      5 ]
    - [log] (exit) @ location: 16 (remaining gas: unaccounted)
      [ 5 ]
  - DUP (entry) @ location: 18 (remaining gas: unaccounted)
    [ 5 ]
    - [log] (exit) @ location: 18 (remaining gas: unaccounted)
      [ 5
        5 ]
  - [halt] (entry) @ location: 18 (remaining gas: unaccounted)
    [ 5
      5 ]
    - control: KUndip
    - control: KCons
    - [log] (exit) @ location: 16 (remaining gas: unaccounted)
      [ 6
        5
        5 ]
  - ADD (entry) @ location: 19 (remaining gas: unaccounted)
    [ 6
      5
      5 ]
    - [log] (exit) @ location: 19 (remaining gas: unaccounted)
      [ 11
        5 ]
  - DIP (entry) @ location: 20 (remaining gas: unaccounted)
    [ 11
      5 ]
    - [log] (exit) @ location: 20 (remaining gas: unaccounted)
      [ 5 ]
  - CONST (entry) @ location: 22 (remaining gas: unaccounted)
    [ 5 ]
    - [log] (exit) @ location: 22 (remaining gas: unaccounted)
      [ 1
        5 ]
  - ADD (entry) @ location: 25 (remaining gas: unaccounted)
    [ 1
      5 ]
    - [log] (exit) @ location: 25 (remaining gas: unaccounted)
      [ 6 ]
  - [halt] (entry) @ location: 21 (remaining gas: unaccounted)
    [ 6 ]
    - control: KUndip
    - control: KCons
    - [log] (exit) @ location: 20 (remaining gas: unaccounted)
      [ 11
        6 ]
  - [halt] (entry) @ location: 14 (remaining gas: unaccounted)
    [ 11
      6 ]
    - control: KList_exit_body
    - control: KList_enter_body
    - [log] (exit) @ location: 14 (remaining gas: unaccounted)
      [ 7
        6 ]
  - DIP (entry) @ location: 16 (remaining gas: unaccounted)
    [ 7
      6 ]
    - [log] (exit) @ location: 16 (remaining gas: unaccounted)
      [ 6 ]
  - DUP (entry) @ location: 18 (remaining gas: unaccounted)
    [ 6 ]
    - [log] (exit) @ location: 18 (remaining gas: unaccounted)
      [ 6
        6 ]
  - [halt] (entry) @ location: 18 (remaining gas: unaccounted)
    [ 6
      6 ]
    - control: KUndip
    - control: KCons
    - [log] (exit) @ location: 16 (remaining gas: unaccounted)
      [ 7
        6
        6 ]
  - ADD (entry) @ location: 19 (remaining gas: unaccounted)
    [ 7
      6
      6 ]
    - [log] (exit) @ location: 19 (remaining gas: unaccounted)
      [ 13
        6 ]
  - DIP (entry) @ location: 20 (remaining gas: unaccounted)
    [ 13
      6 ]
    - [log] (exit) @ location: 20 (remaining gas: unaccounted)
      [ 6 ]
  - CONST (entry) @ location: 22 (remaining gas: unaccounted)
    [ 6 ]
    - [log] (exit) @ location: 22 (remaining gas: unaccounted)
      [ 1
        6 ]
  - ADD (entry) @ location: 25 (remaining gas: unaccounted)
    [ 1
      6 ]
    - [log] (exit) @ location: 25 (remaining gas: unaccounted)
      [ 7 ]
  - [halt] (entry) @ location: 21 (remaining gas: unaccounted)
    [ 7 ]
    - control: KUndip
    - control: KCons
    - [log] (exit) @ location: 20 (remaining gas: unaccounted)
      [ 13
        7 ]
  - [halt] (entry) @ location: 14 (remaining gas: unaccounted)
    [ 13
      7 ]
    - control: KList_exit_body
    - control: KList_enter_body
    - control: KCons
    - [log] (exit) @ location: 14 (remaining gas: unaccounted)
      [ { 1 ; 3 ; 5 ; 7 ; 9 ; 11 ; 13 }
        7 ]
  - NIL (entry) @ location: 26 (remaining gas: unaccounted)
    [ { 1 ; 3 ; 5 ; 7 ; 9 ; 11 ; 13 }
      7 ]
    - [log] (exit) @ location: 26 (remaining gas: unaccounted)
      [ {}
        { 1 ; 3 ; 5 ; 7 ; 9 ; 11 ; 13 }
        7 ]
  - PAIR (entry) @ location: 28 (remaining gas: unaccounted)
    [ {}
      { 1 ; 3 ; 5 ; 7 ; 9 ; 11 ; 13 }
      7 ]
    - [log] (exit) @ location: 28 (remaining gas: unaccounted)
      [ (Pair {} { 1 ; 3 ; 5 ; 7 ; 9 ; 11 ; 13 })
        7 ]
  - DIP (entry) @ location: 29 (remaining gas: unaccounted)
    [ (Pair {} { 1 ; 3 ; 5 ; 7 ; 9 ; 11 ; 13 })
      7 ]
    - [log] (exit) @ location: 29 (remaining gas: unaccounted)
      [ 7 ]
  - DROP (entry) @ location: 31 (remaining gas: unaccounted)
    [ 7 ]
    - [log] (exit) @ location: 31 (remaining gas: unaccounted)
      [  ]
  - [halt] (entry) @ location: 31 (remaining gas: unaccounted)
    [  ]
    - control: KUndip
    - control: KCons
    - [log] (exit) @ location: 29 (remaining gas: unaccounted)
      [ (Pair {} { 1 ; 3 ; 5 ; 7 ; 9 ; 11 ; 13 }) ]
  - [halt] (entry) @ location: 8 (remaining gas: unaccounted)
    [ (Pair {} { 1 ; 3 ; 5 ; 7 ; 9 ; 11 ; 13 }) ]
    - control: KNil
