reverse_loop.out

trace
  - CAR (interp) @ location: 9 (remaining gas: unaccounted)
    [ (Pair { "abc" ; "def" ; "ghi" } {}) ]
  - CAR (entry) @ location: 9 (remaining gas: unaccounted)
    [ (Pair { "abc" ; "def" ; "ghi" } {}) ]
    - [log] (exit) @ location: 9 (remaining gas: unaccounted)
      [ { "abc" ; "def" ; "ghi" } ]
  - NIL (entry) @ location: 10 (remaining gas: unaccounted)
    [ { "abc" ; "def" ; "ghi" } ]
    - [log] (exit) @ location: 10 (remaining gas: unaccounted)
      [ {}
        { "abc" ; "def" ; "ghi" } ]
  - SWAP (entry) @ location: 12 (remaining gas: unaccounted)
    [ {}
      { "abc" ; "def" ; "ghi" } ]
    - [log] (exit) @ location: 12 (remaining gas: unaccounted)
      [ { "abc" ; "def" ; "ghi" }
        {} ]
  - CONST (entry) @ location: 13 (remaining gas: unaccounted)
    [ { "abc" ; "def" ; "ghi" }
      {} ]
    - [log] (exit) @ location: 13 (remaining gas: unaccounted)
      [ True
        { "abc" ; "def" ; "ghi" }
        {} ]
  - LOOP (entry) @ location: 16 (remaining gas: unaccounted)
    [ True
      { "abc" ; "def" ; "ghi" }
      {} ]
    - control: KLoop_in
    - [log] (exit) @ location: 16 (remaining gas: unaccounted)
      [ { "abc" ; "def" ; "ghi" }
        {} ]
  - IF_CONS (entry) @ location: 18 (remaining gas: unaccounted)
    [ { "abc" ; "def" ; "ghi" }
      {} ]
    - [log] (exit) @ location: 18 (remaining gas: unaccounted)
      [ "abc"
        { "def" ; "ghi" }
        {} ]
  - SWAP (entry) @ location: 20 (remaining gas: unaccounted)
    [ "abc"
      { "def" ; "ghi" }
      {} ]
    - [log] (exit) @ location: 20 (remaining gas: unaccounted)
      [ { "def" ; "ghi" }
        "abc"
        {} ]
  - DIP (entry) @ location: 21 (remaining gas: unaccounted)
    [ { "def" ; "ghi" }
      "abc"
      {} ]
    - [log] (exit) @ location: 21 (remaining gas: unaccounted)
      [ "abc"
        {} ]
  - CONS (entry) @ location: 23 (remaining gas: unaccounted)
    [ "abc"
      {} ]
    - [log] (exit) @ location: 23 (remaining gas: unaccounted)
      [ { "abc" } ]
  - [halt] (entry) @ location: 23 (remaining gas: unaccounted)
    [ { "abc" } ]
    - control: KUndip
    - control: KCons
    - [log] (exit) @ location: 21 (remaining gas: unaccounted)
      [ { "def" ; "ghi" }
        { "abc" } ]
  - CONST (entry) @ location: 24 (remaining gas: unaccounted)
    [ { "def" ; "ghi" }
      { "abc" } ]
    - [log] (exit) @ location: 24 (remaining gas: unaccounted)
      [ True
        { "def" ; "ghi" }
        { "abc" } ]
  - [halt] (entry) @ location: 16 (remaining gas: unaccounted)
    [ True
      { "def" ; "ghi" }
      { "abc" } ]
    - control: KCons
    - [log] (exit) @ location: 18 (remaining gas: unaccounted)
      [ True
        { "def" ; "ghi" }
        { "abc" } ]
  - [halt] (entry) @ location: 16 (remaining gas: unaccounted)
    [ True
      { "def" ; "ghi" }
      { "abc" } ]
    - control: KLoop_in
    - [log] (exit) @ location: 16 (remaining gas: unaccounted)
      [ { "def" ; "ghi" }
        { "abc" } ]
  - IF_CONS (entry) @ location: 18 (remaining gas: unaccounted)
    [ { "def" ; "ghi" }
      { "abc" } ]
    - [log] (exit) @ location: 18 (remaining gas: unaccounted)
      [ "def"
        { "ghi" }
        { "abc" } ]
  - SWAP (entry) @ location: 20 (remaining gas: unaccounted)
    [ "def"
      { "ghi" }
      { "abc" } ]
    - [log] (exit) @ location: 20 (remaining gas: unaccounted)
      [ { "ghi" }
        "def"
        { "abc" } ]
  - DIP (entry) @ location: 21 (remaining gas: unaccounted)
    [ { "ghi" }
      "def"
      { "abc" } ]
    - [log] (exit) @ location: 21 (remaining gas: unaccounted)
      [ "def"
        { "abc" } ]
  - CONS (entry) @ location: 23 (remaining gas: unaccounted)
    [ "def"
      { "abc" } ]
    - [log] (exit) @ location: 23 (remaining gas: unaccounted)
      [ { "def" ; "abc" } ]
  - [halt] (entry) @ location: 23 (remaining gas: unaccounted)
    [ { "def" ; "abc" } ]
    - control: KUndip
    - control: KCons
    - [log] (exit) @ location: 21 (remaining gas: unaccounted)
      [ { "ghi" }
        { "def" ; "abc" } ]
  - CONST (entry) @ location: 24 (remaining gas: unaccounted)
    [ { "ghi" }
      { "def" ; "abc" } ]
    - [log] (exit) @ location: 24 (remaining gas: unaccounted)
      [ True
        { "ghi" }
        { "def" ; "abc" } ]
  - [halt] (entry) @ location: 16 (remaining gas: unaccounted)
    [ True
      { "ghi" }
      { "def" ; "abc" } ]
    - control: KCons
    - [log] (exit) @ location: 18 (remaining gas: unaccounted)
      [ True
        { "ghi" }
        { "def" ; "abc" } ]
  - [halt] (entry) @ location: 16 (remaining gas: unaccounted)
    [ True
      { "ghi" }
      { "def" ; "abc" } ]
    - control: KLoop_in
    - [log] (exit) @ location: 16 (remaining gas: unaccounted)
      [ { "ghi" }
        { "def" ; "abc" } ]
  - IF_CONS (entry) @ location: 18 (remaining gas: unaccounted)
    [ { "ghi" }
      { "def" ; "abc" } ]
    - [log] (exit) @ location: 18 (remaining gas: unaccounted)
      [ "ghi"
        {}
        { "def" ; "abc" } ]
  - SWAP (entry) @ location: 20 (remaining gas: unaccounted)
    [ "ghi"
      {}
      { "def" ; "abc" } ]
    - [log] (exit) @ location: 20 (remaining gas: unaccounted)
      [ {}
        "ghi"
        { "def" ; "abc" } ]
  - DIP (entry) @ location: 21 (remaining gas: unaccounted)
    [ {}
      "ghi"
      { "def" ; "abc" } ]
    - [log] (exit) @ location: 21 (remaining gas: unaccounted)
      [ "ghi"
        { "def" ; "abc" } ]
  - CONS (entry) @ location: 23 (remaining gas: unaccounted)
    [ "ghi"
      { "def" ; "abc" } ]
    - [log] (exit) @ location: 23 (remaining gas: unaccounted)
      [ { "ghi" ; "def" ; "abc" } ]
  - [halt] (entry) @ location: 23 (remaining gas: unaccounted)
    [ { "ghi" ; "def" ; "abc" } ]
    - control: KUndip
    - control: KCons
    - [log] (exit) @ location: 21 (remaining gas: unaccounted)
      [ {}
        { "ghi" ; "def" ; "abc" } ]
  - CONST (entry) @ location: 24 (remaining gas: unaccounted)
    [ {}
      { "ghi" ; "def" ; "abc" } ]
    - [log] (exit) @ location: 24 (remaining gas: unaccounted)
      [ True
        {}
        { "ghi" ; "def" ; "abc" } ]
  - [halt] (entry) @ location: 16 (remaining gas: unaccounted)
    [ True
      {}
      { "ghi" ; "def" ; "abc" } ]
    - control: KCons
    - [log] (exit) @ location: 18 (remaining gas: unaccounted)
      [ True
        {}
        { "ghi" ; "def" ; "abc" } ]
  - [halt] (entry) @ location: 16 (remaining gas: unaccounted)
    [ True
      {}
      { "ghi" ; "def" ; "abc" } ]
    - control: KLoop_in
    - [log] (exit) @ location: 16 (remaining gas: unaccounted)
      [ {}
        { "ghi" ; "def" ; "abc" } ]
  - IF_CONS (entry) @ location: 18 (remaining gas: unaccounted)
    [ {}
      { "ghi" ; "def" ; "abc" } ]
    - [log] (exit) @ location: 18 (remaining gas: unaccounted)
      [ { "ghi" ; "def" ; "abc" } ]
  - NIL (entry) @ location: 28 (remaining gas: unaccounted)
    [ { "ghi" ; "def" ; "abc" } ]
    - [log] (exit) @ location: 28 (remaining gas: unaccounted)
      [ {}
        { "ghi" ; "def" ; "abc" } ]
  - CONST (entry) @ location: 30 (remaining gas: unaccounted)
    [ {}
      { "ghi" ; "def" ; "abc" } ]
    - [log] (exit) @ location: 30 (remaining gas: unaccounted)
      [ False
        {}
        { "ghi" ; "def" ; "abc" } ]
  - [halt] (entry) @ location: 16 (remaining gas: unaccounted)
    [ False
      {}
      { "ghi" ; "def" ; "abc" } ]
    - control: KCons
    - [log] (exit) @ location: 18 (remaining gas: unaccounted)
      [ False
        {}
        { "ghi" ; "def" ; "abc" } ]
  - [halt] (entry) @ location: 16 (remaining gas: unaccounted)
    [ False
      {}
      { "ghi" ; "def" ; "abc" } ]
    - control: KLoop_in
    - control: KCons
    - [log] (exit) @ location: 16 (remaining gas: unaccounted)
      [ {}
        { "ghi" ; "def" ; "abc" } ]
  - DROP (entry) @ location: 33 (remaining gas: unaccounted)
    [ {}
      { "ghi" ; "def" ; "abc" } ]
    - [log] (exit) @ location: 33 (remaining gas: unaccounted)
      [ { "ghi" ; "def" ; "abc" } ]
  - NIL (entry) @ location: 34 (remaining gas: unaccounted)
    [ { "ghi" ; "def" ; "abc" } ]
    - [log] (exit) @ location: 34 (remaining gas: unaccounted)
      [ {}
        { "ghi" ; "def" ; "abc" } ]
  - PAIR (entry) @ location: 36 (remaining gas: unaccounted)
    [ {}
      { "ghi" ; "def" ; "abc" } ]
    - [log] (exit) @ location: 36 (remaining gas: unaccounted)
      [ (Pair {} { "ghi" ; "def" ; "abc" }) ]
  - [halt] (entry) @ location: 8 (remaining gas: unaccounted)
    [ (Pair {} { "ghi" ; "def" ; "abc" }) ]
    - control: KNil
