test_logging.out
interp
entry
exit
entry
exit
entry
exit
entry
exit
entry
ctrl
