xor.out

trace
  - CAR (interp) @ location: 16 (remaining gas: unaccounted)
    [ (Pair (Left (Pair True False)) None) ]
  - CAR (entry) @ location: 16 (remaining gas: unaccounted)
    [ (Pair (Left (Pair True False)) None) ]
    - [log] (exit) @ location: 16 (remaining gas: unaccounted)
      [ (Left (Pair True False)) ]
  - IF_LEFT (entry) @ location: 17 (remaining gas: unaccounted)
    [ (Left (Pair True False)) ]
    - [log] (exit) @ location: 17 (remaining gas: unaccounted)
      [ (Pair True False) ]
  - UNPAIR (entry) @ location: 19 (remaining gas: unaccounted)
    [ (Pair True False) ]
    - [log] (exit) @ location: 19 (remaining gas: unaccounted)
      [ True
        False ]
  - XOR (entry) @ location: 20 (remaining gas: unaccounted)
    [ True
      False ]
    - [log] (exit) @ location: 20 (remaining gas: unaccounted)
      [ True ]
  - LEFT (entry) @ location: 21 (remaining gas: unaccounted)
    [ True ]
    - [log] (exit) @ location: 21 (remaining gas: unaccounted)
      [ (Left True) ]
  - [halt] (entry) @ location: 28 (remaining gas: unaccounted)
    [ (Left True) ]
    - control: KCons
    - [log] (exit) @ location: 17 (remaining gas: unaccounted)
      [ (Left True) ]
  - SOME (entry) @ location: 28 (remaining gas: unaccounted)
    [ (Left True) ]
    - [log] (exit) @ location: 28 (remaining gas: unaccounted)
      [ (Some (Left True)) ]
  - NIL (entry) @ location: 29 (remaining gas: unaccounted)
    [ (Some (Left True)) ]
    - [log] (exit) @ location: 29 (remaining gas: unaccounted)
      [ {}
        (Some (Left True)) ]
  - PAIR (entry) @ location: 31 (remaining gas: unaccounted)
    [ {}
      (Some (Left True)) ]
    - [log] (exit) @ location: 31 (remaining gas: unaccounted)
      [ (Pair {} (Some (Left True))) ]
  - [halt] (entry) @ location: 15 (remaining gas: unaccounted)
    [ (Pair {} (Some (Left True))) ]
    - control: KNil
